// Jest Snapshot v1, https://goo.gl/fbAQLP

exports[`match snapshot for [1,null,3,null,null,6,7,null,null,null,null,12] 1`] = `
Array [
  Array [
    "   ",
    "   ",
    "   ",
    "   ",
    "   ",
    "   ",
    "   ",
    "   ",
    "   ",
    "   ",
    "   ",
    "   ",
    "   ",
    "   ",
    "   ",
    "   ",
    "   ",
    "   ",
    "   ",
    "   ",
    "   ",
    "   ",
    "   ",
    "   ",
    "   ",
    "   ",
    "   ",
    "   ",
    "   ",
    "   ",
    "   ",
    "   ",
    "   ",
    "   ",
    " 1 ",
    "   ",
    "   ",
    "   ",
    "   ",
    "   ",
    "   ",
    "   ",
    "   ",
    "   ",
    "   ",
    "   ",
    "   ",
    "   ",
    "   ",
    "   ",
    "   ",
    "   ",
    "   ",
    "   ",
    "   ",
    "   ",
    "   ",
    "   ",
    "   ",
    "   ",
    "   ",
    "   ",
    "   ",
    "   ",
    "   ",
    "   ",
    "   ",
    "   ",
    "   ",
  ],
  Array [
    "   ",
    "   ",
    "   ",
    "   ",
    "   ",
    "   ",
    "   ",
    "   ",
    "   ",
    "   ",
    "   ",
    "   ",
    "   ",
    "   ",
    "   ",
    "   ",
    "   ",
    "   ",
    "   ",
    "   ",
    "   ",
    "   ",
    "   ",
    "   ",
    "   ",
    "   ",
    "   ",
    "   ",
    "   ",
    "   ",
    "   ",
    "   ",
    "   ",
    "   ",
    "   ",
    " \\\\ ",
    "   ",
    "   ",
    "   ",
    "   ",
    "   ",
    "   ",
    "   ",
    "   ",
    "   ",
    "   ",
    "   ",
    "   ",
    "   ",
    "   ",
    "   ",
    "   ",
    "   ",
    "   ",
    "   ",
    "   ",
    "   ",
    "   ",
    "   ",
    "   ",
    "   ",
    "   ",
    "   ",
    "   ",
    "   ",
    "   ",
    "   ",
    "   ",
    "   ",
  ],
  Array [
    "   ",
    "   ",
    "   ",
    "   ",
    "   ",
    "   ",
    "   ",
    "   ",
    "   ",
    "   ",
    "   ",
    "   ",
    "   ",
    "   ",
    "   ",
    "   ",
    "   ",
    "   ",
    "   ",
    "   ",
    "   ",
    "   ",
    "   ",
    "   ",
    "   ",
    "   ",
    "   ",
    "   ",
    "   ",
    "   ",
    "   ",
    "   ",
    "   ",
    "   ",
    "   ",
    "   ",
    " \\\\ ",
    "   ",
    "   ",
    "   ",
    "   ",
    "   ",
    "   ",
    "   ",
    "   ",
    "   ",
    "   ",
    "   ",
    "   ",
    "   ",
    "   ",
    "   ",
    "   ",
    "   ",
    "   ",
    "   ",
    "   ",
    "   ",
    "   ",
    "   ",
    "   ",
    "   ",
    "   ",
    "   ",
    "   ",
    "   ",
    "   ",
    "   ",
    "   ",
  ],
  Array [
    "   ",
    "   ",
    "   ",
    "   ",
    "   ",
    "   ",
    "   ",
    "   ",
    "   ",
    "   ",
    "   ",
    "   ",
    "   ",
    "   ",
    "   ",
    "   ",
    "   ",
    "   ",
    "   ",
    "   ",
    "   ",
    "   ",
    "   ",
    "   ",
    "   ",
    "   ",
    "   ",
    "   ",
    "   ",
    "   ",
    "   ",
    "   ",
    "   ",
    "   ",
    "   ",
    "   ",
    "   ",
    " \\\\ ",
    "   ",
    "   ",
    "   ",
    "   ",
    "   ",
    "   ",
    "   ",
    "   ",
    "   ",
    "   ",
    "   ",
    "   ",
    "   ",
    "   ",
    "   ",
    "   ",
    "   ",
    "   ",
    "   ",
    "   ",
    "   ",
    "   ",
    "   ",
    "   ",
    "   ",
    "   ",
    "   ",
    "   ",
    "   ",
    "   ",
    "   ",
  ],
  Array [
    "   ",
    "   ",
    "   ",
    "   ",
    "   ",
    "   ",
    "   ",
    "   ",
    "   ",
    "   ",
    "   ",
    "   ",
    "   ",
    "   ",
    "   ",
    "   ",
    "   ",
    "   ",
    "   ",
    "   ",
    "   ",
    "   ",
    "   ",
    "   ",
    "   ",
    "   ",
    "   ",
    "   ",
    "   ",
    "   ",
    "   ",
    "   ",
    "   ",
    "   ",
    "   ",
    "   ",
    "   ",
    "   ",
    " \\\\ ",
    "   ",
    "   ",
    "   ",
    "   ",
    "   ",
    "   ",
    "   ",
    "   ",
    "   ",
    "   ",
    "   ",
    "   ",
    "   ",
    "   ",
    "   ",
    "   ",
    "   ",
    "   ",
    "   ",
    "   ",
    "   ",
    "   ",
    "   ",
    "   ",
    "   ",
    "   ",
    "   ",
    "   ",
    "   ",
    "   ",
  ],
  Array [
    "   ",
    "   ",
    "   ",
    "   ",
    "   ",
    "   ",
    "   ",
    "   ",
    "   ",
    "   ",
    "   ",
    "   ",
    "   ",
    "   ",
    "   ",
    "   ",
    "   ",
    "   ",
    "   ",
    "   ",
    "   ",
    "   ",
    "   ",
    "   ",
    "   ",
    "   ",
    "   ",
    "   ",
    "   ",
    "   ",
    "   ",
    "   ",
    "   ",
    "   ",
    "   ",
    "   ",
    "   ",
    "   ",
    "   ",
    " \\\\ ",
    "   ",
    "   ",
    "   ",
    "   ",
    "   ",
    "   ",
    "   ",
    "   ",
    "   ",
    "   ",
    "   ",
    "   ",
    "   ",
    "   ",
    "   ",
    "   ",
    "   ",
    "   ",
    "   ",
    "   ",
    "   ",
    "   ",
    "   ",
    "   ",
    "   ",
    "   ",
    "   ",
    "   ",
    "   ",
  ],
  Array [
    "   ",
    "   ",
    "   ",
    "   ",
    "   ",
    "   ",
    "   ",
    "   ",
    "   ",
    "   ",
    "   ",
    "   ",
    "   ",
    "   ",
    "   ",
    "   ",
    "   ",
    "   ",
    "   ",
    "   ",
    "   ",
    "   ",
    "   ",
    "   ",
    "   ",
    "   ",
    "   ",
    "   ",
    "   ",
    "   ",
    "   ",
    "   ",
    "   ",
    "   ",
    "   ",
    "   ",
    "   ",
    "   ",
    "   ",
    "   ",
    " \\\\ ",
    "   ",
    "   ",
    "   ",
    "   ",
    "   ",
    "   ",
    "   ",
    "   ",
    "   ",
    "   ",
    "   ",
    "   ",
    "   ",
    "   ",
    "   ",
    "   ",
    "   ",
    "   ",
    "   ",
    "   ",
    "   ",
    "   ",
    "   ",
    "   ",
    "   ",
    "   ",
    "   ",
    "   ",
  ],
  Array [
    "   ",
    "   ",
    "   ",
    "   ",
    "   ",
    "   ",
    "   ",
    "   ",
    "   ",
    "   ",
    "   ",
    "   ",
    "   ",
    "   ",
    "   ",
    "   ",
    "   ",
    "   ",
    "   ",
    "   ",
    "   ",
    "   ",
    "   ",
    "   ",
    "   ",
    "   ",
    "   ",
    "   ",
    "   ",
    "   ",
    "   ",
    "   ",
    "   ",
    "   ",
    "   ",
    "   ",
    "   ",
    "   ",
    "   ",
    "   ",
    "   ",
    " \\\\ ",
    "   ",
    "   ",
    "   ",
    "   ",
    "   ",
    "   ",
    "   ",
    "   ",
    "   ",
    "   ",
    "   ",
    "   ",
    "   ",
    "   ",
    "   ",
    "   ",
    "   ",
    "   ",
    "   ",
    "   ",
    "   ",
    "   ",
    "   ",
    "   ",
    "   ",
    "   ",
    "   ",
  ],
  Array [
    "   ",
    "   ",
    "   ",
    "   ",
    "   ",
    "   ",
    "   ",
    "   ",
    "   ",
    "   ",
    "   ",
    "   ",
    "   ",
    "   ",
    "   ",
    "   ",
    "   ",
    "   ",
    "   ",
    "   ",
    "   ",
    "   ",
    "   ",
    "   ",
    "   ",
    "   ",
    "   ",
    "   ",
    "   ",
    "   ",
    "   ",
    "   ",
    "   ",
    "   ",
    "   ",
    "   ",
    "   ",
    "   ",
    "   ",
    "   ",
    "   ",
    "   ",
    " \\\\ ",
    "   ",
    "   ",
    "   ",
    "   ",
    "   ",
    "   ",
    "   ",
    "   ",
    "   ",
    "   ",
    "   ",
    "   ",
    "   ",
    "   ",
    "   ",
    "   ",
    "   ",
    "   ",
    "   ",
    "   ",
    "   ",
    "   ",
    "   ",
    "   ",
    "   ",
    "   ",
  ],
  Array [
    "   ",
    "   ",
    "   ",
    "   ",
    "   ",
    "   ",
    "   ",
    "   ",
    "   ",
    "   ",
    "   ",
    "   ",
    "   ",
    "   ",
    "   ",
    "   ",
    "   ",
    "   ",
    "   ",
    "   ",
    "   ",
    "   ",
    "   ",
    "   ",
    "   ",
    "   ",
    "   ",
    "   ",
    "   ",
    "   ",
    "   ",
    "   ",
    "   ",
    "   ",
    "   ",
    "   ",
    "   ",
    "   ",
    "   ",
    "   ",
    "   ",
    "   ",
    "   ",
    " \\\\ ",
    "   ",
    "   ",
    "   ",
    "   ",
    "   ",
    "   ",
    "   ",
    "   ",
    "   ",
    "   ",
    "   ",
    "   ",
    "   ",
    "   ",
    "   ",
    "   ",
    "   ",
    "   ",
    "   ",
    "   ",
    "   ",
    "   ",
    "   ",
    "   ",
    "   ",
  ],
  Array [
    "   ",
    "   ",
    "   ",
    "   ",
    "   ",
    "   ",
    "   ",
    "   ",
    "   ",
    "   ",
    "   ",
    "   ",
    "   ",
    "   ",
    "   ",
    "   ",
    "   ",
    "   ",
    "   ",
    "   ",
    "   ",
    "   ",
    "   ",
    "   ",
    "   ",
    "   ",
    "   ",
    "   ",
    "   ",
    "   ",
    "   ",
    "   ",
    "   ",
    "   ",
    "   ",
    "   ",
    "   ",
    "   ",
    "   ",
    "   ",
    "   ",
    "   ",
    "   ",
    "   ",
    " \\\\ ",
    "   ",
    "   ",
    "   ",
    "   ",
    "   ",
    "   ",
    "   ",
    "   ",
    "   ",
    "   ",
    "   ",
    "   ",
    "   ",
    "   ",
    "   ",
    "   ",
    "   ",
    "   ",
    "   ",
    "   ",
    "   ",
    "   ",
    "   ",
    "   ",
  ],
  Array [
    "   ",
    "   ",
    "   ",
    "   ",
    "   ",
    "   ",
    "   ",
    "   ",
    "   ",
    "   ",
    "   ",
    "   ",
    "   ",
    "   ",
    "   ",
    "   ",
    "   ",
    "   ",
    "   ",
    "   ",
    "   ",
    "   ",
    "   ",
    "   ",
    "   ",
    "   ",
    "   ",
    "   ",
    "   ",
    "   ",
    "   ",
    "   ",
    "   ",
    "   ",
    "   ",
    "   ",
    "   ",
    "   ",
    "   ",
    "   ",
    "   ",
    "   ",
    "   ",
    "   ",
    "   ",
    " \\\\ ",
    "   ",
    "   ",
    "   ",
    "   ",
    "   ",
    "   ",
    "   ",
    "   ",
    "   ",
    "   ",
    "   ",
    "   ",
    "   ",
    "   ",
    "   ",
    "   ",
    "   ",
    "   ",
    "   ",
    "   ",
    "   ",
    "   ",
    "   ",
  ],
  Array [
    "   ",
    "   ",
    "   ",
    "   ",
    "   ",
    "   ",
    "   ",
    "   ",
    "   ",
    "   ",
    "   ",
    "   ",
    "   ",
    "   ",
    "   ",
    "   ",
    "   ",
    "   ",
    "   ",
    "   ",
    "   ",
    "   ",
    "   ",
    "   ",
    "   ",
    "   ",
    "   ",
    "   ",
    "   ",
    "   ",
    "   ",
    "   ",
    "   ",
    "   ",
    "   ",
    "   ",
    "   ",
    "   ",
    "   ",
    "   ",
    "   ",
    "   ",
    "   ",
    "   ",
    "   ",
    "   ",
    " \\\\ ",
    "   ",
    "   ",
    "   ",
    "   ",
    "   ",
    "   ",
    "   ",
    "   ",
    "   ",
    "   ",
    "   ",
    "   ",
    "   ",
    "   ",
    "   ",
    "   ",
    "   ",
    "   ",
    "   ",
    "   ",
    "   ",
    "   ",
  ],
  Array [
    "   ",
    "   ",
    "   ",
    "   ",
    "   ",
    "   ",
    "   ",
    "   ",
    "   ",
    "   ",
    "   ",
    "   ",
    "   ",
    "   ",
    "   ",
    "   ",
    "   ",
    "   ",
    "   ",
    "   ",
    "   ",
    "   ",
    "   ",
    "   ",
    "   ",
    "   ",
    "   ",
    "   ",
    "   ",
    "   ",
    "   ",
    "   ",
    "   ",
    "   ",
    "   ",
    "   ",
    "   ",
    "   ",
    "   ",
    "   ",
    "   ",
    "   ",
    "   ",
    "   ",
    "   ",
    "   ",
    "   ",
    " \\\\ ",
    "   ",
    "   ",
    "   ",
    "   ",
    "   ",
    "   ",
    "   ",
    "   ",
    "   ",
    "   ",
    "   ",
    "   ",
    "   ",
    "   ",
    "   ",
    "   ",
    "   ",
    "   ",
    "   ",
    "   ",
    "   ",
  ],
  Array [
    "   ",
    "   ",
    "   ",
    "   ",
    "   ",
    "   ",
    "   ",
    "   ",
    "   ",
    "   ",
    "   ",
    "   ",
    "   ",
    "   ",
    "   ",
    "   ",
    "   ",
    "   ",
    "   ",
    "   ",
    "   ",
    "   ",
    "   ",
    "   ",
    "   ",
    "   ",
    "   ",
    "   ",
    "   ",
    "   ",
    "   ",
    "   ",
    "   ",
    "   ",
    "   ",
    "   ",
    "   ",
    "   ",
    "   ",
    "   ",
    "   ",
    "   ",
    "   ",
    "   ",
    "   ",
    "   ",
    "   ",
    "   ",
    " \\\\ ",
    "   ",
    "   ",
    "   ",
    "   ",
    "   ",
    "   ",
    "   ",
    "   ",
    "   ",
    "   ",
    "   ",
    "   ",
    "   ",
    "   ",
    "   ",
    "   ",
    "   ",
    "   ",
    "   ",
    "   ",
  ],
  Array [
    "   ",
    "   ",
    "   ",
    "   ",
    "   ",
    "   ",
    "   ",
    "   ",
    "   ",
    "   ",
    "   ",
    "   ",
    "   ",
    "   ",
    "   ",
    "   ",
    "   ",
    "   ",
    "   ",
    "   ",
    "   ",
    "   ",
    "   ",
    "   ",
    "   ",
    "   ",
    "   ",
    "   ",
    "   ",
    "   ",
    "   ",
    "   ",
    "   ",
    "   ",
    "   ",
    "   ",
    "   ",
    "   ",
    "   ",
    "   ",
    "   ",
    "   ",
    "   ",
    "   ",
    "   ",
    "   ",
    "   ",
    "   ",
    "   ",
    " \\\\ ",
    "   ",
    "   ",
    "   ",
    "   ",
    "   ",
    "   ",
    "   ",
    "   ",
    "   ",
    "   ",
    "   ",
    "   ",
    "   ",
    "   ",
    "   ",
    "   ",
    "   ",
    "   ",
    "   ",
  ],
  Array [
    "   ",
    "   ",
    "   ",
    "   ",
    "   ",
    "   ",
    "   ",
    "   ",
    "   ",
    "   ",
    "   ",
    "   ",
    "   ",
    "   ",
    "   ",
    "   ",
    "   ",
    "   ",
    "   ",
    "   ",
    "   ",
    "   ",
    "   ",
    "   ",
    "   ",
    "   ",
    "   ",
    "   ",
    "   ",
    "   ",
    "   ",
    "   ",
    "   ",
    "   ",
    "   ",
    "   ",
    "   ",
    "   ",
    "   ",
    "   ",
    "   ",
    "   ",
    "   ",
    "   ",
    "   ",
    "   ",
    "   ",
    "   ",
    "   ",
    "   ",
    " \\\\ ",
    "   ",
    "   ",
    "   ",
    "   ",
    "   ",
    "   ",
    "   ",
    "   ",
    "   ",
    "   ",
    "   ",
    "   ",
    "   ",
    "   ",
    "   ",
    "   ",
    "   ",
    "   ",
  ],
  Array [
    "   ",
    "   ",
    "   ",
    "   ",
    "   ",
    "   ",
    "   ",
    "   ",
    "   ",
    "   ",
    "   ",
    "   ",
    "   ",
    "   ",
    "   ",
    "   ",
    "   ",
    "   ",
    "   ",
    "   ",
    "   ",
    "   ",
    "   ",
    "   ",
    "   ",
    "   ",
    "   ",
    "   ",
    "   ",
    "   ",
    "   ",
    "   ",
    "   ",
    "   ",
    "   ",
    "   ",
    "   ",
    "   ",
    "   ",
    "   ",
    "   ",
    "   ",
    "   ",
    "   ",
    "   ",
    "   ",
    "   ",
    "   ",
    "   ",
    "   ",
    "   ",
    "3  ",
    "   ",
    "   ",
    "   ",
    "   ",
    "   ",
    "   ",
    "   ",
    "   ",
    "   ",
    "   ",
    "   ",
    "   ",
    "   ",
    "   ",
    "   ",
    "   ",
    "   ",
  ],
  Array [
    "   ",
    "   ",
    "   ",
    "   ",
    "   ",
    "   ",
    "   ",
    "   ",
    "   ",
    "   ",
    "   ",
    "   ",
    "   ",
    "   ",
    "   ",
    "   ",
    "   ",
    "   ",
    "   ",
    "   ",
    "   ",
    "   ",
    "   ",
    "   ",
    "   ",
    "   ",
    "   ",
    "   ",
    "   ",
    "   ",
    "   ",
    "   ",
    "   ",
    "   ",
    "   ",
    "   ",
    "   ",
    "   ",
    "   ",
    "   ",
    "   ",
    "   ",
    "   ",
    "   ",
    "   ",
    "   ",
    "   ",
    "   ",
    "   ",
    "   ",
    " / ",
    "   ",
    " \\\\ ",
    "   ",
    "   ",
    "   ",
    "   ",
    "   ",
    "   ",
    "   ",
    "   ",
    "   ",
    "   ",
    "   ",
    "   ",
    "   ",
    "   ",
    "   ",
    "   ",
  ],
  Array [
    "   ",
    "   ",
    "   ",
    "   ",
    "   ",
    "   ",
    "   ",
    "   ",
    "   ",
    "   ",
    "   ",
    "   ",
    "   ",
    "   ",
    "   ",
    "   ",
    "   ",
    "   ",
    "   ",
    "   ",
    "   ",
    "   ",
    "   ",
    "   ",
    "   ",
    "   ",
    "   ",
    "   ",
    "   ",
    "   ",
    "   ",
    "   ",
    "   ",
    "   ",
    "   ",
    "   ",
    "   ",
    "   ",
    "   ",
    "   ",
    "   ",
    "   ",
    "   ",
    "   ",
    "   ",
    "   ",
    "   ",
    "   ",
    "   ",
    " / ",
    "   ",
    "   ",
    "   ",
    " \\\\ ",
    "   ",
    "   ",
    "   ",
    "   ",
    "   ",
    "   ",
    "   ",
    "   ",
    "   ",
    "   ",
    "   ",
    "   ",
    "   ",
    "   ",
    "   ",
  ],
  Array [
    "   ",
    "   ",
    "   ",
    "   ",
    "   ",
    "   ",
    "   ",
    "   ",
    "   ",
    "   ",
    "   ",
    "   ",
    "   ",
    "   ",
    "   ",
    "   ",
    "   ",
    "   ",
    "   ",
    "   ",
    "   ",
    "   ",
    "   ",
    "   ",
    "   ",
    "   ",
    "   ",
    "   ",
    "   ",
    "   ",
    "   ",
    "   ",
    "   ",
    "   ",
    "   ",
    "   ",
    "   ",
    "   ",
    "   ",
    "   ",
    "   ",
    "   ",
    "   ",
    "   ",
    "   ",
    "   ",
    "   ",
    "   ",
    " / ",
    "   ",
    "   ",
    "   ",
    "   ",
    "   ",
    " \\\\ ",
    "   ",
    "   ",
    "   ",
    "   ",
    "   ",
    "   ",
    "   ",
    "   ",
    "   ",
    "   ",
    "   ",
    "   ",
    "   ",
    "   ",
  ],
  Array [
    "   ",
    "   ",
    "   ",
    "   ",
    "   ",
    "   ",
    "   ",
    "   ",
    "   ",
    "   ",
    "   ",
    "   ",
    "   ",
    "   ",
    "   ",
    "   ",
    "   ",
    "   ",
    "   ",
    "   ",
    "   ",
    "   ",
    "   ",
    "   ",
    "   ",
    "   ",
    "   ",
    "   ",
    "   ",
    "   ",
    "   ",
    "   ",
    "   ",
    "   ",
    "   ",
    "   ",
    "   ",
    "   ",
    "   ",
    "   ",
    "   ",
    "   ",
    "   ",
    "   ",
    "   ",
    "   ",
    "   ",
    " / ",
    "   ",
    "   ",
    "   ",
    "   ",
    "   ",
    "   ",
    "   ",
    " \\\\ ",
    "   ",
    "   ",
    "   ",
    "   ",
    "   ",
    "   ",
    "   ",
    "   ",
    "   ",
    "   ",
    "   ",
    "   ",
    "   ",
  ],
  Array [
    "   ",
    "   ",
    "   ",
    "   ",
    "   ",
    "   ",
    "   ",
    "   ",
    "   ",
    "   ",
    "   ",
    "   ",
    "   ",
    "   ",
    "   ",
    "   ",
    "   ",
    "   ",
    "   ",
    "   ",
    "   ",
    "   ",
    "   ",
    "   ",
    "   ",
    "   ",
    "   ",
    "   ",
    "   ",
    "   ",
    "   ",
    "   ",
    "   ",
    "   ",
    "   ",
    "   ",
    "   ",
    "   ",
    "   ",
    "   ",
    "   ",
    "   ",
    "   ",
    "   ",
    "   ",
    "   ",
    " / ",
    "   ",
    "   ",
    "   ",
    "   ",
    "   ",
    "   ",
    "   ",
    "   ",
    "   ",
    " \\\\ ",
    "   ",
    "   ",
    "   ",
    "   ",
    "   ",
    "   ",
    "   ",
    "   ",
    "   ",
    "   ",
    "   ",
    "   ",
  ],
  Array [
    "   ",
    "   ",
    "   ",
    "   ",
    "   ",
    "   ",
    "   ",
    "   ",
    "   ",
    "   ",
    "   ",
    "   ",
    "   ",
    "   ",
    "   ",
    "   ",
    "   ",
    "   ",
    "   ",
    "   ",
    "   ",
    "   ",
    "   ",
    "   ",
    "   ",
    "   ",
    "   ",
    "   ",
    "   ",
    "   ",
    "   ",
    "   ",
    "   ",
    "   ",
    "   ",
    "   ",
    "   ",
    "   ",
    "   ",
    "   ",
    "   ",
    "   ",
    "   ",
    "   ",
    "   ",
    " / ",
    "   ",
    "   ",
    "   ",
    "   ",
    "   ",
    "   ",
    "   ",
    "   ",
    "   ",
    "   ",
    "   ",
    " \\\\ ",
    "   ",
    "   ",
    "   ",
    "   ",
    "   ",
    "   ",
    "   ",
    "   ",
    "   ",
    "   ",
    "   ",
  ],
  Array [
    "   ",
    "   ",
    "   ",
    "   ",
    "   ",
    "   ",
    "   ",
    "   ",
    "   ",
    "   ",
    "   ",
    "   ",
    "   ",
    "   ",
    "   ",
    "   ",
    "   ",
    "   ",
    "   ",
    "   ",
    "   ",
    "   ",
    "   ",
    "   ",
    "   ",
    "   ",
    "   ",
    "   ",
    "   ",
    "   ",
    "   ",
    "   ",
    "   ",
    "   ",
    "   ",
    "   ",
    "   ",
    "   ",
    "   ",
    "   ",
    "   ",
    "   ",
    "   ",
    "   ",
    " / ",
    "   ",
    "   ",
    "   ",
    "   ",
    "   ",
    "   ",
    "   ",
    "   ",
    "   ",
    "   ",
    "   ",
    "   ",
    "   ",
    " \\\\ ",
    "   ",
    "   ",
    "   ",
    "   ",
    "   ",
    "   ",
    "   ",
    "   ",
    "   ",
    "   ",
  ],
  Array [
    "   ",
    "   ",
    "   ",
    "   ",
    "   ",
    "   ",
    "   ",
    "   ",
    "   ",
    "   ",
    "   ",
    "   ",
    "   ",
    "   ",
    "   ",
    "   ",
    "   ",
    "   ",
    "   ",
    "   ",
    "   ",
    "   ",
    "   ",
    "   ",
    "   ",
    "   ",
    "   ",
    "   ",
    "   ",
    "   ",
    "   ",
    "   ",
    "   ",
    "   ",
    "   ",
    "   ",
    "   ",
    "   ",
    "   ",
    "   ",
    "   ",
    "   ",
    "   ",
    " / ",
    "   ",
    "   ",
    "   ",
    "   ",
    "   ",
    "   ",
    "   ",
    "   ",
    "   ",
    "   ",
    "   ",
    "   ",
    "   ",
    "   ",
    "   ",
    " \\\\ ",
    "   ",
    "   ",
    "   ",
    "   ",
    "   ",
    "   ",
    "   ",
    "   ",
    "   ",
  ],
  Array [
    "   ",
    "   ",
    "   ",
    "   ",
    "   ",
    "   ",
    "   ",
    "   ",
    "   ",
    "   ",
    "   ",
    "   ",
    "   ",
    "   ",
    "   ",
    "   ",
    "   ",
    "   ",
    "   ",
    "   ",
    "   ",
    "   ",
    "   ",
    "   ",
    "   ",
    "   ",
    "   ",
    "   ",
    "   ",
    "   ",
    "   ",
    "   ",
    "   ",
    "   ",
    "   ",
    "   ",
    "   ",
    "   ",
    "   ",
    "   ",
    "   ",
    "   ",
    " 6 ",
    "   ",
    "   ",
    "   ",
    "   ",
    "   ",
    "   ",
    "   ",
    "   ",
    "   ",
    "   ",
    "   ",
    "   ",
    "   ",
    "   ",
    "   ",
    "   ",
    "   ",
    "7  ",
    "   ",
    "   ",
    "   ",
    "   ",
    "   ",
    "   ",
    "   ",
    "   ",
  ],
  Array [
    "   ",
    "   ",
    "   ",
    "   ",
    "   ",
    "   ",
    "   ",
    "   ",
    "   ",
    "   ",
    "   ",
    "   ",
    "   ",
    "   ",
    "   ",
    "   ",
    "   ",
    "   ",
    "   ",
    "   ",
    "   ",
    "   ",
    "   ",
    "   ",
    "   ",
    "   ",
    "   ",
    "   ",
    "   ",
    "   ",
    "   ",
    "   ",
    "   ",
    "   ",
    "   ",
    "   ",
    "   ",
    "   ",
    "   ",
    "   ",
    "   ",
    " / ",
    "   ",
    " \\\\ ",
    "   ",
    "   ",
    "   ",
    "   ",
    "   ",
    "   ",
    "   ",
    "   ",
    "   ",
    "   ",
    "   ",
    "   ",
    "   ",
    "   ",
    "   ",
    "   ",
    "   ",
    "   ",
    "   ",
    "   ",
    "   ",
    "   ",
    "   ",
    "   ",
    "   ",
  ],
  Array [
    "   ",
    "   ",
    "   ",
    "   ",
    "   ",
    "   ",
    "   ",
    "   ",
    "   ",
    "   ",
    "   ",
    "   ",
    "   ",
    "   ",
    "   ",
    "   ",
    "   ",
    "   ",
    "   ",
    "   ",
    "   ",
    "   ",
    "   ",
    "   ",
    "   ",
    "   ",
    "   ",
    "   ",
    "   ",
    "   ",
    "   ",
    "   ",
    "   ",
    "   ",
    "   ",
    "   ",
    "   ",
    "   ",
    "   ",
    "   ",
    " / ",
    "   ",
    "   ",
    "   ",
    " \\\\ ",
    "   ",
    "   ",
    "   ",
    "   ",
    "   ",
    "   ",
    "   ",
    "   ",
    "   ",
    "   ",
    "   ",
    "   ",
    "   ",
    "   ",
    "   ",
    "   ",
    "   ",
    "   ",
    "   ",
    "   ",
    "   ",
    "   ",
    "   ",
    "   ",
  ],
  Array [
    "   ",
    "   ",
    "   ",
    "   ",
    "   ",
    "   ",
    "   ",
    "   ",
    "   ",
    "   ",
    "   ",
    "   ",
    "   ",
    "   ",
    "   ",
    "   ",
    "   ",
    "   ",
    "   ",
    "   ",
    "   ",
    "   ",
    "   ",
    "   ",
    "   ",
    "   ",
    "   ",
    "   ",
    "   ",
    "   ",
    "   ",
    "   ",
    "   ",
    "   ",
    "   ",
    "   ",
    "   ",
    "   ",
    "   ",
    " / ",
    "   ",
    "   ",
    "   ",
    "   ",
    "   ",
    " \\\\ ",
    "   ",
    "   ",
    "   ",
    "   ",
    "   ",
    "   ",
    "   ",
    "   ",
    "   ",
    "   ",
    "   ",
    "   ",
    "   ",
    "   ",
    "   ",
    "   ",
    "   ",
    "   ",
    "   ",
    "   ",
    "   ",
    "   ",
    "   ",
  ],
  Array [
    "   ",
    "   ",
    "   ",
    "   ",
    "   ",
    "   ",
    "   ",
    "   ",
    "   ",
    "   ",
    "   ",
    "   ",
    "   ",
    "   ",
    "   ",
    "   ",
    "   ",
    "   ",
    "   ",
    "   ",
    "   ",
    "   ",
    "   ",
    "   ",
    "   ",
    "   ",
    "   ",
    "   ",
    "   ",
    "   ",
    "   ",
    "   ",
    "   ",
    "   ",
    "   ",
    "   ",
    "   ",
    "   ",
    " / ",
    "   ",
    "   ",
    "   ",
    "   ",
    "   ",
    "   ",
    "   ",
    " \\\\ ",
    "   ",
    "   ",
    "   ",
    "   ",
    "   ",
    "   ",
    "   ",
    "   ",
    "   ",
    "   ",
    "   ",
    "   ",
    "   ",
    "   ",
    "   ",
    "   ",
    "   ",
    "   ",
    "   ",
    "   ",
    "   ",
    "   ",
  ],
  Array [
    "   ",
    "   ",
    "   ",
    "   ",
    "   ",
    "   ",
    "   ",
    "   ",
    "   ",
    "   ",
    "   ",
    "   ",
    "   ",
    "   ",
    "   ",
    "   ",
    "   ",
    "   ",
    "   ",
    "   ",
    "   ",
    "   ",
    "   ",
    "   ",
    "   ",
    "   ",
    "   ",
    "   ",
    "   ",
    "   ",
    "   ",
    "   ",
    "   ",
    "   ",
    "   ",
    "   ",
    "   ",
    "12 ",
    "   ",
    "   ",
    "   ",
    "   ",
    "   ",
    "   ",
    "   ",
    "   ",
    "   ",
    "   ",
    "   ",
    "   ",
    "   ",
    "   ",
    "   ",
    "   ",
    "   ",
    "   ",
    "   ",
    "   ",
    "   ",
    "   ",
    "   ",
    "   ",
    "   ",
    "   ",
    "   ",
    "   ",
    "   ",
    "   ",
    "   ",
  ],
  Array [
    "   ",
    "   ",
    "   ",
    "   ",
    "   ",
    "   ",
    "   ",
    "   ",
    "   ",
    "   ",
    "   ",
    "   ",
    "   ",
    "   ",
    "   ",
    "   ",
    "   ",
    "   ",
    "   ",
    "   ",
    "   ",
    "   ",
    "   ",
    "   ",
    "   ",
    "   ",
    "   ",
    "   ",
    "   ",
    "   ",
    "   ",
    "   ",
    "   ",
    "   ",
    "   ",
    "   ",
    "   ",
    "   ",
    "   ",
    "   ",
    "   ",
    "   ",
    "   ",
    "   ",
    "   ",
    "   ",
    "   ",
    "   ",
    "   ",
    "   ",
    "   ",
    "   ",
    "   ",
    "   ",
    "   ",
    "   ",
    "   ",
    "   ",
    "   ",
    "   ",
    "   ",
    "   ",
    "   ",
    "   ",
    "   ",
    "   ",
    "   ",
    "   ",
    "   ",
  ],
  Array [
    "   ",
    "   ",
    "   ",
    "   ",
    "   ",
    "   ",
    "   ",
    "   ",
    "   ",
    "   ",
    "   ",
    "   ",
    "   ",
    "   ",
    "   ",
    "   ",
    "   ",
    "   ",
    "   ",
    "   ",
    "   ",
    "   ",
    "   ",
    "   ",
    "   ",
    "   ",
    "   ",
    "   ",
    "   ",
    "   ",
    "   ",
    "   ",
    "   ",
    "   ",
    "   ",
    "   ",
    "   ",
    "   ",
    "   ",
    "   ",
    "   ",
    "   ",
    "   ",
    "   ",
    "   ",
    "   ",
    "   ",
    "   ",
    "   ",
    "   ",
    "   ",
    "   ",
    "   ",
    "   ",
    "   ",
    "   ",
    "   ",
    "   ",
    "   ",
    "   ",
    "   ",
    "   ",
    "   ",
    "   ",
    "   ",
    "   ",
    "   ",
    "   ",
    "   ",
  ],
  Array [
    "   ",
    "   ",
    "   ",
    "   ",
    "   ",
    "   ",
    "   ",
    "   ",
    "   ",
    "   ",
    "   ",
    "   ",
    "   ",
    "   ",
    "   ",
    "   ",
    "   ",
    "   ",
    "   ",
    "   ",
    "   ",
    "   ",
    "   ",
    "   ",
    "   ",
    "   ",
    "   ",
    "   ",
    "   ",
    "   ",
    "   ",
    "   ",
    "   ",
    "   ",
    "   ",
    "   ",
    "   ",
    "   ",
    "   ",
    "   ",
    "   ",
    "   ",
    "   ",
    "   ",
    "   ",
    "   ",
    "   ",
    "   ",
    "   ",
    "   ",
    "   ",
    "   ",
    "   ",
    "   ",
    "   ",
    "   ",
    "   ",
    "   ",
    "   ",
    "   ",
    "   ",
    "   ",
    "   ",
    "   ",
    "   ",
    "   ",
    "   ",
    "   ",
    "   ",
  ],
]
`;

exports[`match snapshot for [1,null,3,null,null,6] 1`] = `
Array [
  Array [
    " ",
    " ",
    " ",
    " ",
    " ",
    " ",
    " ",
    " ",
    " ",
    " ",
    " ",
    " ",
    " ",
    " ",
    " ",
    " ",
    " ",
    "1",
    " ",
    " ",
    " ",
    " ",
    " ",
    " ",
    " ",
    " ",
    " ",
    " ",
    " ",
    " ",
    " ",
    " ",
    " ",
    " ",
    " ",
  ],
  Array [
    " ",
    " ",
    " ",
    " ",
    " ",
    " ",
    " ",
    " ",
    " ",
    " ",
    " ",
    " ",
    " ",
    " ",
    " ",
    " ",
    " ",
    " ",
    "\\\\",
    " ",
    " ",
    " ",
    " ",
    " ",
    " ",
    " ",
    " ",
    " ",
    " ",
    " ",
    " ",
    " ",
    " ",
    " ",
    " ",
  ],
  Array [
    " ",
    " ",
    " ",
    " ",
    " ",
    " ",
    " ",
    " ",
    " ",
    " ",
    " ",
    " ",
    " ",
    " ",
    " ",
    " ",
    " ",
    " ",
    " ",
    "\\\\",
    " ",
    " ",
    " ",
    " ",
    " ",
    " ",
    " ",
    " ",
    " ",
    " ",
    " ",
    " ",
    " ",
    " ",
    " ",
  ],
  Array [
    " ",
    " ",
    " ",
    " ",
    " ",
    " ",
    " ",
    " ",
    " ",
    " ",
    " ",
    " ",
    " ",
    " ",
    " ",
    " ",
    " ",
    " ",
    " ",
    " ",
    "\\\\",
    " ",
    " ",
    " ",
    " ",
    " ",
    " ",
    " ",
    " ",
    " ",
    " ",
    " ",
    " ",
    " ",
    " ",
  ],
  Array [
    " ",
    " ",
    " ",
    " ",
    " ",
    " ",
    " ",
    " ",
    " ",
    " ",
    " ",
    " ",
    " ",
    " ",
    " ",
    " ",
    " ",
    " ",
    " ",
    " ",
    " ",
    "\\\\",
    " ",
    " ",
    " ",
    " ",
    " ",
    " ",
    " ",
    " ",
    " ",
    " ",
    " ",
    " ",
    " ",
  ],
  Array [
    " ",
    " ",
    " ",
    " ",
    " ",
    " ",
    " ",
    " ",
    " ",
    " ",
    " ",
    " ",
    " ",
    " ",
    " ",
    " ",
    " ",
    " ",
    " ",
    " ",
    " ",
    " ",
    "\\\\",
    " ",
    " ",
    " ",
    " ",
    " ",
    " ",
    " ",
    " ",
    " ",
    " ",
    " ",
    " ",
  ],
  Array [
    " ",
    " ",
    " ",
    " ",
    " ",
    " ",
    " ",
    " ",
    " ",
    " ",
    " ",
    " ",
    " ",
    " ",
    " ",
    " ",
    " ",
    " ",
    " ",
    " ",
    " ",
    " ",
    " ",
    "\\\\",
    " ",
    " ",
    " ",
    " ",
    " ",
    " ",
    " ",
    " ",
    " ",
    " ",
    " ",
  ],
  Array [
    " ",
    " ",
    " ",
    " ",
    " ",
    " ",
    " ",
    " ",
    " ",
    " ",
    " ",
    " ",
    " ",
    " ",
    " ",
    " ",
    " ",
    " ",
    " ",
    " ",
    " ",
    " ",
    " ",
    " ",
    "\\\\",
    " ",
    " ",
    " ",
    " ",
    " ",
    " ",
    " ",
    " ",
    " ",
    " ",
  ],
  Array [
    " ",
    " ",
    " ",
    " ",
    " ",
    " ",
    " ",
    " ",
    " ",
    " ",
    " ",
    " ",
    " ",
    " ",
    " ",
    " ",
    " ",
    " ",
    " ",
    " ",
    " ",
    " ",
    " ",
    " ",
    " ",
    "\\\\",
    " ",
    " ",
    " ",
    " ",
    " ",
    " ",
    " ",
    " ",
    " ",
  ],
  Array [
    " ",
    " ",
    " ",
    " ",
    " ",
    " ",
    " ",
    " ",
    " ",
    " ",
    " ",
    " ",
    " ",
    " ",
    " ",
    " ",
    " ",
    " ",
    " ",
    " ",
    " ",
    " ",
    " ",
    " ",
    " ",
    " ",
    "3",
    " ",
    " ",
    " ",
    " ",
    " ",
    " ",
    " ",
    " ",
  ],
  Array [
    " ",
    " ",
    " ",
    " ",
    " ",
    " ",
    " ",
    " ",
    " ",
    " ",
    " ",
    " ",
    " ",
    " ",
    " ",
    " ",
    " ",
    " ",
    " ",
    " ",
    " ",
    " ",
    " ",
    " ",
    " ",
    "/",
    " ",
    "\\\\",
    " ",
    " ",
    " ",
    " ",
    " ",
    " ",
    " ",
  ],
  Array [
    " ",
    " ",
    " ",
    " ",
    " ",
    " ",
    " ",
    " ",
    " ",
    " ",
    " ",
    " ",
    " ",
    " ",
    " ",
    " ",
    " ",
    " ",
    " ",
    " ",
    " ",
    " ",
    " ",
    " ",
    "/",
    " ",
    " ",
    " ",
    "\\\\",
    " ",
    " ",
    " ",
    " ",
    " ",
    " ",
  ],
  Array [
    " ",
    " ",
    " ",
    " ",
    " ",
    " ",
    " ",
    " ",
    " ",
    " ",
    " ",
    " ",
    " ",
    " ",
    " ",
    " ",
    " ",
    " ",
    " ",
    " ",
    " ",
    " ",
    " ",
    "/",
    " ",
    " ",
    " ",
    " ",
    " ",
    "\\\\",
    " ",
    " ",
    " ",
    " ",
    " ",
  ],
  Array [
    " ",
    " ",
    " ",
    " ",
    " ",
    " ",
    " ",
    " ",
    " ",
    " ",
    " ",
    " ",
    " ",
    " ",
    " ",
    " ",
    " ",
    " ",
    " ",
    " ",
    " ",
    " ",
    "/",
    " ",
    " ",
    " ",
    " ",
    " ",
    " ",
    " ",
    "\\\\",
    " ",
    " ",
    " ",
    " ",
  ],
  Array [
    " ",
    " ",
    " ",
    " ",
    " ",
    " ",
    " ",
    " ",
    " ",
    " ",
    " ",
    " ",
    " ",
    " ",
    " ",
    " ",
    " ",
    " ",
    " ",
    " ",
    " ",
    "6",
    " ",
    " ",
    " ",
    " ",
    " ",
    " ",
    " ",
    " ",
    " ",
    " ",
    " ",
    " ",
    " ",
  ],
  Array [
    " ",
    " ",
    " ",
    " ",
    " ",
    " ",
    " ",
    " ",
    " ",
    " ",
    " ",
    " ",
    " ",
    " ",
    " ",
    " ",
    " ",
    " ",
    " ",
    " ",
    " ",
    " ",
    " ",
    " ",
    " ",
    " ",
    " ",
    " ",
    " ",
    " ",
    " ",
    " ",
    " ",
    " ",
    " ",
  ],
  Array [
    " ",
    " ",
    " ",
    " ",
    " ",
    " ",
    " ",
    " ",
    " ",
    " ",
    " ",
    " ",
    " ",
    " ",
    " ",
    " ",
    " ",
    " ",
    " ",
    " ",
    " ",
    " ",
    " ",
    " ",
    " ",
    " ",
    " ",
    " ",
    " ",
    " ",
    " ",
    " ",
    " ",
    " ",
    " ",
  ],
  Array [
    " ",
    " ",
    " ",
    " ",
    " ",
    " ",
    " ",
    " ",
    " ",
    " ",
    " ",
    " ",
    " ",
    " ",
    " ",
    " ",
    " ",
    " ",
    " ",
    " ",
    " ",
    " ",
    " ",
    " ",
    " ",
    " ",
    " ",
    " ",
    " ",
    " ",
    " ",
    " ",
    " ",
    " ",
    " ",
  ],
]
`;

exports[`match snapshot for [1,null,3] 1`] = `
Array [
  Array [
    " ",
    " ",
    " ",
    " ",
    " ",
    " ",
    " ",
    " ",
    "1",
    " ",
    " ",
    " ",
    " ",
    " ",
    " ",
    " ",
    " ",
  ],
  Array [
    " ",
    " ",
    " ",
    " ",
    " ",
    " ",
    " ",
    " ",
    " ",
    "\\\\",
    " ",
    " ",
    " ",
    " ",
    " ",
    " ",
    " ",
  ],
  Array [
    " ",
    " ",
    " ",
    " ",
    " ",
    " ",
    " ",
    " ",
    " ",
    " ",
    "\\\\",
    " ",
    " ",
    " ",
    " ",
    " ",
    " ",
  ],
  Array [
    " ",
    " ",
    " ",
    " ",
    " ",
    " ",
    " ",
    " ",
    " ",
    " ",
    " ",
    "\\\\",
    " ",
    " ",
    " ",
    " ",
    " ",
  ],
  Array [
    " ",
    " ",
    " ",
    " ",
    " ",
    " ",
    " ",
    " ",
    " ",
    " ",
    " ",
    " ",
    "\\\\",
    " ",
    " ",
    " ",
    " ",
  ],
  Array [
    " ",
    " ",
    " ",
    " ",
    " ",
    " ",
    " ",
    " ",
    " ",
    " ",
    " ",
    " ",
    " ",
    "3",
    " ",
    " ",
    " ",
  ],
  Array [
    " ",
    " ",
    " ",
    " ",
    " ",
    " ",
    " ",
    " ",
    " ",
    " ",
    " ",
    " ",
    " ",
    " ",
    " ",
    " ",
    " ",
  ],
  Array [
    " ",
    " ",
    " ",
    " ",
    " ",
    " ",
    " ",
    " ",
    " ",
    " ",
    " ",
    " ",
    " ",
    " ",
    " ",
    " ",
    " ",
  ],
  Array [
    " ",
    " ",
    " ",
    " ",
    " ",
    " ",
    " ",
    " ",
    " ",
    " ",
    " ",
    " ",
    " ",
    " ",
    " ",
    " ",
    " ",
  ],
]
`;
