// Jest Snapshot v1, https://goo.gl/fbAQLP

exports[`printNodes should be exported correctly 1`] = `
Array [
  Array [
    " ",
    " ",
    " ",
    "1",
    " ",
    " ",
    " ",
  ],
  Array [
    " ",
    " ",
    "/",
    " ",
    " ",
    " ",
    " ",
  ],
  Array [
    " ",
    "/",
    " ",
    " ",
    " ",
    " ",
    " ",
  ],
  Array [
    "2",
    " ",
    " ",
    " ",
    " ",
    " ",
    " ",
  ],
]
`;
